http://maps.gstatic.com/intl/en_us/mapfiles/transparent.png
http://maps.gstatic.com/intl/en_us/mapfiles/poweredby.png
http://maps.gstatic.com/intl/en_us/mapfiles/mapcontrols3d5.png
http://mt0.google.com/vt/v=ap.115&hl=en-US&x=45374&y=105027&z=18&s=Galil
http://mt2.google.com/vt/v=ap.115&hl=en-US&x=45374&y=105028&z=18&s=Galile
http://mt1.google.com/vt/v=ap.115&hl=en-US&x=45375&y=105027&z=18&s=
http://mt1.google.com/vt/v=ap.115&hl=en-US&x=45373&y=105028&z=18&s=Gal
http://mt3.google.com/vt/v=ap.115&hl=en-US&x=45373&y=105027&z=18&s=Ga
http://mt3.google.com/vt/v=ap.115&hl=en-US&x=45375&y=105028&z=18&s=G
http://mt2.google.com/vt/v=ap.115&hl=en-US&x=45374&y=105026&z=18&s=Gali
http://mt0.google.com/vt/v=ap.115&hl=en-US&x=45374&y=105029&z=18&s=Galileo
http://mt1.google.com/vt/v=ap.115&hl=en-US&x=45373&y=105026&z=18&s=G
http://mt1.google.com/vt/v=ap.115&hl=en-US&x=45375&y=105029&z=18&s=Ga
http://mt3.google.com/vt/v=ap.115&hl=en-US&x=45375&y=105026&z=18&s=Galileo
http://mt3.google.com/vt/v=ap.115&hl=en-US&x=45373&y=105029&z=18&s=Gali
http://mt2.google.com/vt/v=ap.115&hl=en-US&x=45372&y=105027&z=18&s=Galileo
http://mt2.google.com/vt/v=ap.115&hl=en-US&x=45376&y=105027&z=18&s=Gal
http://mt0.google.com/vt/v=ap.115&hl=en-US&x=45376&y=105028&z=18&s=Gali
http://mt0.google.com/vt/v=ap.115&hl=en-US&x=45372&y=105028&z=18&s=
http://mt0.google.com/vt/v=ap.115&hl=en-US&x=45372&y=105026&z=18&s=Galile
http://mt2.google.com/vt/v=ap.115&hl=en-US&x=45376&y=105029&z=18&s=Galil
http://mt0.google.com/vt/v=ap.115&hl=en-US&x=45376&y=105026&z=18&s=Ga
http://mt2.google.com/vt/v=ap.115&hl=en-US&x=45372&y=105029&z=18&s=G
http://mt1.google.com/vt/v=ap.115&hl=en-US&x=45377&y=105028&z=18&s=Galileo
http://mt1.google.com/vt/v=ap.115&hl=en-US&x=45371&y=105027&z=18&s=Gali
http://mt3.google.com/vt/v=ap.115&hl=en-US&x=45377&y=105027&z=18&s=Galile
http://mt3.google.com/vt/v=ap.115&hl=en-US&x=45371&y=105028&z=18&s=Galil
http://mt3.google.com/vt/v=ap.115&hl=en-US&x=45377&y=105029&z=18&s=
http://mt1.google.com/vt/v=ap.115&hl=en-US&x=45371&y=105029&z=18&s=Galile
http://mt1.google.com/vt/v=ap.115&hl=en-US&x=45377&y=105026&z=18&s=Galil
http://mt3.google.com/vt/v=ap.115&hl=en-US&x=45371&y=105026&z=18&s=Gal
http://mt1.google.com/vt/v=ap.115&hl=en-US&x=22687&s=&y=52513&z=17&s=Galile
http://mt0.google.com/vt/v=ap.115&hl=en-US&x=22686&s=&y=52513&z=17&s=Gal
http://mt2.google.com/vt/v=ap.115&hl=en-US&x=22686&s=&y=52514&z=17&s=Gali
http://mt3.google.com/vt/v=ap.115&hl=en-US&x=22687&s=&y=52514&z=17&s=Galileo
http://mt3.google.com/vt/v=ap.115&hl=en-US&x=22685&s=&y=52513&z=17&s=
http://mt0.google.com/vt/v=ap.115&hl=en-US&x=22688&s=&y=52514&z=17&s=Ga
http://mt3.google.com/vt/v=ap.115&hl=en-US&x=22687&s=&y=52512&z=17&s=Galil
http://mt0.google.com/vt/v=ap.115&hl=en-US&x=22686&s=&y=52515&z=17&s=Galil
http://mt2.google.com/vt/v=ap.115&hl=en-US&x=22688&s=&y=52513&z=17&s=G
http://mt1.google.com/vt/v=ap.115&hl=en-US&x=22687&s=&y=52515&z=17&s=
http://mt1.google.com/vt/v=ap.115&hl=en-US&x=22685&s=&y=52514&z=17&s=G
http://mt2.google.com/vt/v=ap.115&hl=en-US&x=22686&s=&y=52512&z=17&s=Ga
http://mt1.google.com/vt/v=ap.115&hl=en-US&x=22685&s=&y=52512&z=17&s=Galileo
http://mt0.google.com/vt/v=ap.115&hl=en-US&x=22688&s=&y=52512&z=17&s=
http://mt2.google.com/vt/v=ap.115&hl=en-US&x=22688&s=&y=52515&z=17&s=Gal
http://mt3.google.com/vt/v=ap.115&hl=en-US&x=22685&s=&y=52515&z=17&s=Ga
http://mt2.google.com/vt/v=ap.115&hl=en-US&x=22684&s=&y=52513&z=17&s=Galil
http://mt3.google.com/vt/v=ap.115&hl=en-US&x=22689&s=&y=52513&z=17&s=Gali
http://mt1.google.com/vt/v=ap.115&hl=en-US&x=22689&s=&y=52514&z=17&s=Galil
http://mt0.google.com/vt/v=ap.115&hl=en-US&x=22684&s=&y=52514&z=17&s=Galile
http://mt0.google.com/vt/v=ap.115&hl=en-US&x=22684&s=&y=52512&z=17&s=Gali
http://mt3.google.com/vt/v=ap.115&hl=en-US&x=22689&s=&y=52515&z=17&s=Galile
http://mt1.google.com/vt/v=ap.115&hl=en-US&x=22689&s=&y=52512&z=17&s=Gal
http://mt2.google.com/vt/v=ap.115&hl=en-US&x=22684&s=&y=52515&z=17&s=Galileo
http://mt0.google.com/vt/v=ap.115&hl=en-US&x=22690&s=&y=52513&z=17&s=Galileo
http://mt2.google.com/vt/v=ap.115&hl=en-US&x=22690&s=&y=52514&z=17&s=
http://mt1.google.com/vt/v=ap.115&hl=en-US&x=22683&s=&y=52513&z=17&s=Ga
http://mt3.google.com/vt/v=ap.115&hl=en-US&x=22683&s=&y=52514&z=17&s=Gal
http://mt2.google.com/vt/v=ap.115&hl=en-US&x=22690&s=&y=52512&z=17&s=Galile
http://mt0.google.com/vt/v=ap.115&hl=en-US&x=22690&s=&y=52515&z=17&s=G
http://mt1.google.com/vt/v=ap.115&hl=en-US&x=22683&s=&y=52515&z=17&s=Gali
http://mt3.google.com/vt/v=ap.115&hl=en-US&x=22683&s=&y=52512&z=17&s=G
http://mt3.google.com/vt/v=ap.115&hl=en-US&x=11343&s=&y=26256&z=16&s=Galil
http://mt1.google.com/vt/v=ap.115&hl=en-US&x=11343&s=&y=26257&z=16&s=Galile
http://mt2.google.com/vt/v=ap.115&hl=en-US&x=11342&s=&y=26256&z=16&s=Ga
http://mt0.google.com/vt/v=ap.115&hl=en-US&x=11342&s=&y=26257&z=16&s=Gal
http://mt0.google.com/vt/v=ap.115&hl=en-US&x=11344&s=&y=26256&z=16&s=
http://mt2.google.com/vt/v=ap.115&hl=en-US&x=11344&s=&y=26257&z=16&s=G
http://mt1.google.com/vt/v=ap.115&hl=en-US&x=11343&s=&y=26255&z=16&s=Gali
http://mt3.google.com/vt/v=ap.115&hl=en-US&x=11343&s=&y=26258&z=16&s=Galileo
http://mt2.google.com/vt/v=ap.115&hl=en-US&x=11342&s=&y=26258&z=16&s=Gali
http://mt2.google.com/vt/v=ap.115&hl=en-US&x=11344&s=&y=26255&z=16&s=Galileo
http://mt0.google.com/vt/v=ap.115&hl=en-US&x=11344&s=&y=26258&z=16&s=Ga
http://mt0.google.com/vt/v=ap.115&hl=en-US&x=11342&s=&y=26255&z=16&s=G
http://mt1.google.com/vt/v=ap.115&hl=en-US&x=11341&s=&y=26256&z=16&s=Galileo
http://mt1.google.com/vt/v=ap.115&hl=en-US&x=11345&s=&y=26256&z=16&s=Gal
http://mt3.google.com/vt/v=ap.115&hl=en-US&x=11345&s=&y=26257&z=16&s=Gali
http://mt3.google.com/vt/v=ap.115&hl=en-US&x=11341&s=&y=26257&z=16&s=
http://mt3.google.com/vt/v=ap.115&hl=en-US&x=11341&s=&y=26255&z=16&s=Galile
http://mt1.google.com/vt/v=ap.115&hl=en-US&x=11345&s=&y=26258&z=16&s=Galil
http://mt3.google.com/vt/v=ap.115&hl=en-US&x=11345&s=&y=26255&z=16&s=Ga
http://mt1.google.com/vt/v=ap.115&hl=en-US&x=11341&s=&y=26258&z=16&s=G
http://mt2.google.com/vt/v=ap.115&hl=en-US&x=11346&s=&y=26256&z=16&s=Galile
http://mt0.google.com/vt/v=ap.115&hl=en-US&x=11346&s=&y=26257&z=16&s=Galileo
http://mt0.google.com/vt/v=ap.115&hl=en-US&x=11340&s=&y=26256&z=16&s=Gali
http://mt2.google.com/vt/v=ap.115&hl=en-US&x=11340&s=&y=26257&z=16&s=Galil
http://mt0.google.com/vt/v=ap.115&hl=en-US&x=11346&s=&y=26255&z=16&s=Galil
http://mt2.google.com/vt/v=ap.115&hl=en-US&x=11346&s=&y=26258&z=16&s=
http://mt0.google.com/vt/v=ap.115&hl=en-US&x=11340&s=&y=26258&z=16&s=Galile
http://mt2.google.com/vt/v=ap.115&hl=en-US&x=11340&s=&y=26255&z=16&s=Gal
http://mt3.google.com/vt/v=ap.115&hl=en-US&x=5671&s=&y=13128&z=15&s=Galil
http://mt1.google.com/vt/v=ap.115&hl=en-US&x=5671&s=&y=13129&z=15&s=Galile
http://mt0.google.com/vt/v=ap.115&hl=en-US&x=5672&s=&y=13128&z=15&s=
http://mt1.google.com/vt/v=ap.115&hl=en-US&x=5671&s=&y=13127&z=15&s=Gali
http://mt2.google.com/vt/v=ap.115&hl=en-US&x=5670&s=&y=13128&z=15&s=Ga
http://mt0.google.com/vt/v=ap.115&hl=en-US&x=5670&s=&y=13129&z=15&s=Gal
http://mt2.google.com/vt/v=ap.115&hl=en-US&x=5672&s=&y=13129&z=15&s=G
http://mt2.google.com/vt/v=ap.115&hl=en-US&x=5672&s=&y=13127&z=15&s=Galileo
http://mt0.google.com/vt/v=ap.115&hl=en-US&x=5670&s=&y=13127&z=15&s=G
http://mt3.google.com/vt/v=ap.115&hl=en-US&x=5671&s=&y=13130&z=15&s=Galileo
http://mt1.google.com/vt/v=ap.115&hl=en-US&x=5673&s=&y=13128&z=15&s=Gal
http://mt3.google.com/vt/v=ap.115&hl=en-US&x=5671&s=&y=13126&z=15&s=Gal
http://mt1.google.com/vt/v=ap.115&hl=en-US&x=5669&s=&y=13128&z=15&s=Galileo
http://mt3.google.com/vt/v=ap.115&hl=en-US&x=5673&s=&y=13127&z=15&s=Ga
http://mt2.google.com/vt/v=ap.115&hl=en-US&x=5670&s=&y=13130&z=15&s=Gali
http://mt3.google.com/vt/v=ap.115&hl=en-US&x=5669&s=&y=13129&z=15&s=
http://mt3.google.com/vt/v=ap.115&hl=en-US&x=5673&s=&y=13129&z=15&s=Gali
http://mt0.google.com/vt/v=ap.115&hl=en-US&x=5672&s=&y=13130&z=15&s=Ga
http://mt0.google.com/vt/v=ap.115&hl=en-US&x=5672&s=&y=13126&z=15&s=Galile
http://mt3.google.com/vt/v=ap.115&hl=en-US&x=5669&s=&y=13127&z=15&s=Galile
http://mt2.google.com/vt/v=ap.115&hl=en-US&x=5670&s=&y=13126&z=15&s=
http://mt1.google.com/vt/v=ap.115&hl=en-US&x=5669&s=&y=13130&z=15&s=G
http://mt1.google.com/vt/v=ap.115&hl=en-US&x=5673&s=&y=13126&z=15&s=G
http://mt1.google.com/vt/v=ap.115&hl=en-US&x=5673&s=&y=13130&z=15&s=Galil
http://mt1.google.com/vt/v=ap.115&hl=en-US&x=5669&s=&y=13126&z=15&s=Galil
http://mt0.google.com/vt/v=ap.115&hl=en-US&x=5668&s=&y=13128&z=15&s=Gali
http://mt2.google.com/vt/v=ap.115&hl=en-US&x=5674&s=&y=13128&z=15&s=Galile
http://mt2.google.com/vt/v=ap.115&hl=en-US&x=5668&s=&y=13129&z=15&s=Galil
http://mt0.google.com/vt/v=ap.115&hl=en-US&x=5674&s=&y=13129&z=15&s=Galileo
http://mt0.google.com/vt/v=ap.115&hl=en-US&x=5674&s=&y=13127&z=15&s=Galil
http://mt2.google.com/vt/v=ap.115&hl=en-US&x=5668&s=&y=13127&z=15&s=Gal
http://mt0.google.com/vt/v=ap.115&hl=en-US&x=5668&s=&y=13130&z=15&s=Galile
http://mt2.google.com/vt/v=ap.115&hl=en-US&x=5674&s=&y=13126&z=15&s=Gali
http://mt0.google.com/vt/v=ap.115&hl=en-US&x=5668&s=&y=13126&z=15&s=Ga
http://mt2.google.com/vt/v=ap.115&hl=en-US&x=5674&s=&y=13130&z=15&s=
http://mt3.google.com/vt/v=ap.115&hl=en-US&x=2835&y=6564&z=14&s=Galil
http://mt1.google.com/vt/v=ap.115&hl=en-US&x=2835&y=6563&z=14&s=Gali
http://mt2.google.com/vt/v=ap.115&hl=en-US&x=2834&y=6564&z=14&s=Ga
http://mt0.google.com/vt/v=ap.115&hl=en-US&x=2836&y=6564&z=14&s=
http://mt2.google.com/vt/v=ap.115&hl=en-US&x=2836&y=6563&z=14&s=Galileo
http://mt0.google.com/vt/v=ap.115&hl=en-US&x=2834&y=6563&z=14&s=G
http://mt1.google.com/vt/v=ap.115&hl=en-US&x=2835&y=6565&z=14&s=Galile
http://mt3.google.com/vt/v=ap.115&hl=en-US&x=2835&y=6562&z=14&s=Gal
http://mt0.google.com/vt/v=ap.115&hl=en-US&x=2836&y=6562&z=14&s=Galile
http://mt2.google.com/vt/v=ap.115&hl=en-US&x=2836&y=6565&z=14&s=G
http://mt0.google.com/vt/v=ap.115&hl=en-US&x=2834&y=6565&z=14&s=Gal
http://mt2.google.com/vt/v=ap.115&hl=en-US&x=2834&y=6562&z=14&s=
http://mt1.google.com/vt/v=ap.115&hl=en-US&x=2833&y=6564&z=14&s=Galileo
http://mt3.google.com/vt/v=ap.115&hl=en-US&x=2837&y=6563&z=14&s=Ga
http://mt1.google.com/vt/v=ap.115&hl=en-US&x=2837&y=6564&z=14&s=Gal
http://mt3.google.com/vt/v=ap.115&hl=en-US&x=2833&y=6563&z=14&s=Galile
http://mt1.google.com/vt/v=ap.115&hl=en-US&x=2837&y=6562&z=14&s=G
http://mt3.google.com/vt/v=ap.115&hl=en-US&x=2837&y=6565&z=14&s=Gali
http://mt3.google.com/vt/v=ap.115&hl=en-US&x=2833&y=6565&z=14&s=
http://mt1.google.com/vt/v=ap.115&hl=en-US&x=2833&y=6562&z=14&s=Galil
http://mt2.google.com/vt/v=ap.115&hl=en-US&x=2832&y=6563&z=14&s=Gal
http://mt2.google.com/vt/v=ap.115&hl=en-US&x=2838&y=6564&z=14&s=Galile
http://mt0.google.com/vt/v=ap.115&hl=en-US&x=2832&y=6564&z=14&s=Gali
http://mt0.google.com/vt/v=ap.115&hl=en-US&x=2838&y=6563&z=14&s=Galil
http://mt2.google.com/vt/v=ap.115&hl=en-US&x=2832&y=6565&z=14&s=Galil
http://mt0.google.com/vt/v=ap.115&hl=en-US&x=2832&y=6562&z=14&s=Ga
http://mt0.google.com/vt/v=ap.115&hl=en-US&x=2838&y=6565&z=14&s=Galileo
http://mt2.google.com/vt/v=ap.115&hl=en-US&x=2838&y=6562&z=14&s=Gali
http://mt1.google.com/vt/v=ap.115&hl=en-US&x=1417&y=3282&z=13&s=Galil
http://mt3.google.com/vt/v=ap.115&hl=en-US&x=1417&y=3281&z=13&s=Gali
http://mt0.google.com/vt/v=ap.115&hl=en-US&x=1418&y=3281&z=13&s=Galileo
http://mt2.google.com/vt/v=ap.115&hl=en-US&x=1418&y=3282&z=13&s=
http://mt0.google.com/vt/v=ap.115&hl=en-US&x=1416&y=3282&z=13&s=Ga
http://mt2.google.com/vt/v=ap.115&hl=en-US&x=1416&y=3281&z=13&s=G
http://mt3.google.com/vt/v=ap.115&hl=en-US&x=1417&y=3283&z=13&s=Galile
http://mt1.google.com/vt/v=ap.115&hl=en-US&x=1417&y=3280&z=13&s=Gal
http://mt2.google.com/vt/v=ap.115&hl=en-US&x=1416&y=3283&z=13&s=Gal
http://mt2.google.com/vt/v=ap.115&hl=en-US&x=1418&y=3280&z=13&s=Galile
http://mt0.google.com/vt/v=ap.115&hl=en-US&x=1418&y=3283&z=13&s=G
http://mt0.google.com/vt/v=ap.115&hl=en-US&x=1416&y=3280&z=13&s=
http://mt3.google.com/vt/v=ap.115&hl=en-US&x=1415&y=3282&z=13&s=Galileo
http://mt1.google.com/vt/v=ap.115&hl=en-US&x=1419&y=3281&z=13&s=Ga
http://mt3.google.com/vt/v=ap.115&hl=en-US&x=1419&y=3282&z=13&s=Gal
http://mt1.google.com/vt/v=ap.115&hl=en-US&x=1415&y=3281&z=13&s=Galile
http://mt1.google.com/vt/v=ap.115&hl=en-US&x=1419&y=3283&z=13&s=Gali
http://mt1.google.com/vt/v=ap.115&hl=en-US&x=1415&y=3283&z=13&s=
http://mt3.google.com/vt/v=ap.115&hl=en-US&x=1415&y=3280&z=13&s=Galil
http://mt3.google.com/vt/v=ap.115&hl=en-US&x=1419&y=3280&z=13&s=G
http://mt2.google.com/vt/v=ap.115&hl=en-US&x=1420&y=3281&z=13&s=Galil
http://mt2.google.com/vt/v=ap.115&hl=en-US&x=1414&y=3282&z=13&s=Gali
http://mt0.google.com/vt/v=ap.115&hl=en-US&x=1420&y=3282&z=13&s=Galile
http://mt0.google.com/vt/v=ap.115&hl=en-US&x=1414&y=3281&z=13&s=Gal
http://mt0.google.com/vt/v=ap.115&hl=en-US&x=1420&y=3280&z=13&s=Gali
http://mt0.google.com/vt/v=ap.115&hl=en-US&x=1414&y=3283&z=13&s=Galil
http://mt2.google.com/vt/v=ap.115&hl=en-US&x=1414&y=3280&z=13&s=Ga
http://mt2.google.com/vt/v=ap.115&hl=en-US&x=1420&y=3283&z=13&s=Galileo
http://mt1.google.com/vt/v=ap.115&hl=en-US&x=45375&y=105025&z=18&s=Galile
http://mt2.google.com/vt/v=ap.115&hl=en-US&x=45376&y=105025&z=18&s=G
http://mt0.google.com/vt/v=ap.115&hl=en-US&x=45374&y=105025&z=18&s=Gal
http://mt3.google.com/vt/v=ap.115&hl=en-US&x=45377&y=105025&z=18&s=Gali
http://mt3.google.com/vt/v=ap.115&hl=en-US&x=45373&y=105025&z=18&s=
http://mt0.google.com/vt/v=ap.115&hl=en-US&x=45378&y=105027&z=18&s=G
http://mt2.google.com/vt/v=ap.115&hl=en-US&x=45378&y=105026&z=18&s=
http://mt2.google.com/vt/v=ap.115&hl=en-US&x=45378&y=105028&z=18&s=Ga
http://mt0.google.com/vt/v=ap.115&hl=en-US&x=45378&y=105025&z=18&s=Galileo
http://mt0.google.com/vt/v=ap.115&hl=en-US&x=45378&y=105029&z=18&s=Gal
http://mt1.google.com/vt/v=ap.115&hl=en-US&x=45379&y=105027&z=18&s=Gali
http://mt3.google.com/vt/v=ap.115&hl=en-US&x=45379&y=105026&z=18&s=Gal
http://mt3.google.com/vt/v=ap.115&hl=en-US&x=45379&y=105028&z=18&s=Galil
http://mt1.google.com/vt/v=ap.115&hl=en-US&x=45379&y=105029&z=18&s=Galile
http://mt1.google.com/vt/v=ap.115&hl=en-US&x=45379&y=105025&z=18&s=Ga
http://mt2.google.com/vt/v=ap.115&hl=en-US&x=45380&y=105027&z=18&s=Galileo
http://mt0.google.com/vt/v=ap.115&hl=en-US&x=45380&y=105026&z=18&s=Galile
http://mt2.google.com/vt/v=ap.115&hl=en-US&x=45380&y=105025&z=18&s=Galil
http://mt0.google.com/vt/v=ap.115&hl=en-US&x=45380&y=105028&z=18&s=
http://mt1.google.com/vt/v=ap.115&hl=en-US&x=45377&y=105024&z=18&s=Gal
http://mt2.google.com/vt/v=ap.115&hl=en-US&x=45378&y=105024&z=18&s=Galile
http://mt0.google.com/vt/v=ap.115&hl=en-US&x=45376&y=105024&z=18&s=
http://mt3.google.com/vt/v=ap.115&hl=en-US&x=45379&y=105024&z=18&s=G
http://mt3.google.com/vt/v=ap.115&hl=en-US&x=45375&y=105024&z=18&s=Galil
http://mt0.google.com/vt/v=ap.115&hl=en-US&x=45380&y=105024&z=18&s=Gali
http://mt1.google.com/vt/v=ap.115&hl=en-US&x=45381&y=105026&z=18&s=G
http://mt3.google.com/vt/v=ap.115&hl=en-US&x=45381&y=105027&z=18&s=Ga
http://mt3.google.com/vt/v=ap.115&hl=en-US&x=45381&y=105025&z=18&s=
http://mt1.google.com/vt/v=ap.115&hl=en-US&x=45381&y=105024&z=18&s=Galileo
http://mt1.google.com/vt/v=ap.115&hl=en-US&x=45381&y=105028&z=18&s=Gal
http://mt1.google.com/vt/v=ap.115&hl=en-US&x=45379&y=105023&z=18&s=
http://mt0.google.com/vt/v=ap.115&hl=en-US&x=45378&y=105023&z=18&s=Galil
http://mt2.google.com/vt/v=ap.115&hl=en-US&x=45380&y=105023&z=18&s=Gal
http://mt3.google.com/vt/v=ap.115&hl=en-US&x=45377&y=105023&z=18&s=Ga
http://mt3.google.com/vt/v=ap.115&hl=en-US&x=45381&y=105023&z=18&s=Galile
http://mt0.google.com/vt/v=ap.115&hl=en-US&x=45382&y=105025&z=18&s=Gal
http://mt2.google.com/vt/v=ap.115&hl=en-US&x=45382&y=105024&z=18&s=Ga
http://mt2.google.com/vt/v=ap.115&hl=en-US&x=45382&y=105026&z=18&s=Gali
http://mt0.google.com/vt/v=ap.115&hl=en-US&x=45382&y=105023&z=18&s=G
http://mt1.google.com/vt/v=ap.115&hl=en-US&x=45383&y=105025&z=18&s=Galile
http://mt3.google.com/vt/v=ap.115&hl=en-US&x=45383&y=105024&z=18&s=Galil
http://mt3.google.com/vt/v=ap.115&hl=en-US&x=45383&y=105026&z=18&s=Galileo
http://mt1.google.com/vt/v=ap.115&hl=en-US&x=45383&y=105023&z=18&s=Gali
http://mt0.google.com/vt/v=ap.115&hl=en-US&x=45380&y=105022&z=18&s=Ga
http://mt3.google.com/vt/v=ap.115&hl=en-US&x=45379&y=105022&z=18&s=Galileo
http://mt1.google.com/vt/v=ap.115&hl=en-US&x=45381&y=105022&z=18&s=Galil
http://mt2.google.com/vt/v=ap.115&hl=en-US&x=45378&y=105022&z=18&s=Gali
http://mt2.google.com/vt/v=ap.115&hl=en-US&x=45382&y=105022&z=18&s=
http://mt3.google.com/vt/v=ap.115&hl=en-US&x=45383&y=105022&z=18&s=Gal
http://mt1.google.com/vt/v=ap.115&hl=en-US&x=45377&y=105022&z=18&s=G
http://mt3.google.com/vt/v=ap.115&hl=en-US&x=45381&y=105021&z=18&s=Gali
http://mt2.google.com/vt/v=ap.115&hl=en-US&x=45380&y=105021&z=18&s=G
http://mt1.google.com/vt/v=ap.115&hl=en-US&x=45379&y=105021&z=18&s=Galile
http://mt0.google.com/vt/v=ap.115&hl=en-US&x=45382&y=105021&z=18&s=Galileo
http://mt1.google.com/vt/v=ap.115&hl=en-US&x=45383&y=105021&z=18&s=Ga
http://mt0.google.com/vt/v=ap.115&hl=en-US&x=45378&y=105021&z=18&s=Gal
http://mt2.google.com/vt/v=ap.115&hl=en-US&x=45384&y=105023&z=18&s=Galileo
http://mt0.google.com/vt/v=ap.115&hl=en-US&x=45384&y=105024&z=18&s=
http://mt0.google.com/vt/v=ap.115&hl=en-US&x=45384&y=105022&z=18&s=Galile
http://mt2.google.com/vt/v=ap.115&hl=en-US&x=45384&y=105025&z=18&s=G
http://mt3.google.com/vt/v=ap.115&hl=en-US&x=45377&y=105021&z=18&s=
http://mt2.google.com/vt/v=ap.115&hl=en-US&x=45384&y=105021&z=18&s=Galil
http://mt1.google.com/vt/v=ap.115&hl=en-US&x=45381&y=105020&z=18&s=Gal
http://mt2.google.com/vt/v=ap.115&hl=en-US&x=45382&y=105020&z=18&s=Galile
http://mt0.google.com/vt/v=ap.115&hl=en-US&x=45380&y=105020&z=18&s=
http://mt3.google.com/vt/v=ap.115&hl=en-US&x=45379&y=105020&z=18&s=Galil
http://mt3.google.com/vt/v=ap.115&hl=en-US&x=45383&y=105020&z=18&s=G
http://mt0.google.com/vt/v=ap.115&hl=en-US&x=45384&y=105020&z=18&s=Gali
http://mt2.google.com/vt/v=ap.115&hl=en-US&x=45378&y=105020&z=18&s=Ga
http://mt3.google.com/vt/v=ap.115&hl=en-US&x=45385&y=105021&z=18&s=
http://mt1.google.com/vt/v=ap.115&hl=en-US&x=45385&y=105022&z=18&s=G
http://mt3.google.com/vt/v=ap.115&hl=en-US&x=45385&y=105023&z=18&s=Ga
http://mt1.google.com/vt/v=ap.115&hl=en-US&x=45385&y=105020&z=18&s=Galileo
http://mt0.google.com/vt/v=ap.115&hl=en-US&x=45382&y=105019&z=18&s=Galil
http://mt3.google.com/vt/v=ap.115&hl=en-US&x=45381&y=105019&z=18&s=Ga
http://mt1.google.com/vt/v=ap.115&hl=en-US&x=45383&y=105019&z=18&s=
http://mt2.google.com/vt/v=ap.115&hl=en-US&x=45380&y=105019&z=18&s=Galileo
http://mt2.google.com/vt/v=ap.115&hl=en-US&x=45384&y=105019&z=18&s=Gal
http://mt3.google.com/vt/v=ap.115&hl=en-US&x=45385&y=105019&z=18&s=Galile
http://mt1.google.com/vt/v=ap.115&hl=en-US&x=45379&y=105019&z=18&s=Gali
http://mt0.google.com/vt/v=ap.115&hl=en-US&x=45386&y=105021&z=18&s=Gal
http://mt2.google.com/vt/v=ap.115&hl=en-US&x=45386&y=105020&z=18&s=Ga
http://mt0.google.com/vt/v=ap.115&hl=en-US&x=45386&y=105019&z=18&s=G
http://mt2.google.com/vt/v=ap.115&hl=en-US&x=45386&y=105022&z=18&s=Gali
http://mt3.google.com/vt/v=ap.115&hl=en-US&x=45383&y=105018&z=18&s=Galileo
http://mt2.google.com/vt/v=ap.115&hl=en-US&x=45382&y=105018&z=18&s=Gali
http://mt0.google.com/vt/v=ap.115&hl=en-US&x=45384&y=105018&z=18&s=Ga
http://mt1.google.com/vt/v=ap.115&hl=en-US&x=45381&y=105018&z=18&s=G
http://mt1.google.com/vt/v=ap.115&hl=en-US&x=45385&y=105018&z=18&s=Galil
http://mt2.google.com/vt/v=ap.115&hl=en-US&x=45386&y=105018&z=18&s=
http://mt2.google.com/vt/v=ap.115&hl=en-US&x=45384&y=105017&z=18&s=G
http://mt3.google.com/vt/v=ap.115&hl=en-US&x=45385&y=105017&z=18&s=Gali
http://mt1.google.com/vt/v=ap.115&hl=en-US&x=45383&y=105017&z=18&s=Galile
http://mt0.google.com/vt/v=ap.115&hl=en-US&x=45382&y=105017&z=18&s=Gal
http://mt0.google.com/vt/v=ap.115&hl=en-US&x=45386&y=105017&z=18&s=Galileo
http://mt1.google.com/vt/v=ap.115&hl=en-US&x=45387&y=105019&z=18&s=Gali
http://mt3.google.com/vt/v=ap.115&hl=en-US&x=45387&y=105018&z=18&s=Gal
http://mt3.google.com/vt/v=ap.115&hl=en-US&x=45387&y=105020&z=18&s=Galil
http://mt1.google.com/vt/v=ap.115&hl=en-US&x=45387&y=105021&z=18&s=Galile
http://mt3.google.com/vt/v=ap.115&hl=en-US&x=45381&y=105017&z=18&s=
http://mt1.google.com/vt/v=ap.115&hl=en-US&x=45387&y=105017&z=18&s=Ga
http://mt0.google.com/vt/v=ap.115&hl=en-US&x=45384&y=105016&z=18&s=
http://mt3.google.com/vt/v=ap.115&hl=en-US&x=45383&y=105016&z=18&s=Galil
http://mt1.google.com/vt/v=ap.115&hl=en-US&x=45385&y=105016&z=18&s=Gal
http://mt2.google.com/vt/v=ap.115&hl=en-US&x=45382&y=105016&z=18&s=Ga
http://mt2.google.com/vt/v=ap.115&hl=en-US&x=45386&y=105016&z=18&s=Galile
http://mt3.google.com/vt/v=ap.115&hl=en-US&x=45387&y=105016&z=18&s=G
http://mt0.google.com/vt/v=ap.115&hl=en-US&x=45388&y=105018&z=18&s=Galile
http://mt2.google.com/vt/v=ap.115&hl=en-US&x=45388&y=105017&z=18&s=Galil
http://mt2.google.com/vt/v=ap.115&hl=en-US&x=45388&y=105019&z=18&s=Galileo
http://mt0.google.com/vt/v=ap.115&hl=en-US&x=45388&y=105016&z=18&s=Gali
http://mt3.google.com/vt/v=ap.115&hl=en-US&x=45389&y=105017&z=18&s=
http://mt1.google.com/vt/v=ap.115&hl=en-US&x=45389&y=105018&z=18&s=G
http://mt1.google.com/vt/v=ap.115&hl=en-US&x=45389&y=105016&z=18&s=Galileo
http://mt0.google.com/vt/v=ap.115&hl=en-US&x=45386&y=105015&z=18&s=Galil
http://mt3.google.com/vt/v=ap.115&hl=en-US&x=45385&y=105015&z=18&s=Ga
http://mt1.google.com/vt/v=ap.115&hl=en-US&x=45387&y=105015&z=18&s=
http://mt2.google.com/vt/v=ap.115&hl=en-US&x=45384&y=105015&z=18&s=Galileo
http://mt2.google.com/vt/v=ap.115&hl=en-US&x=45388&y=105015&z=18&s=Gal
http://mt3.google.com/vt/v=ap.115&hl=en-US&x=45389&y=105015&z=18&s=Galile
http://mt1.google.com/vt/v=ap.115&hl=en-US&x=45383&y=105015&z=18&s=Gali
http://mt3.google.com/vt/v=ap.115&hl=en-US&x=45387&y=105014&z=18&s=Galileo
http://mt2.google.com/vt/v=ap.115&hl=en-US&x=45386&y=105014&z=18&s=Gali
http://mt0.google.com/vt/v=ap.115&hl=en-US&x=45388&y=105014&z=18&s=Ga
http://mt1.google.com/vt/v=ap.115&hl=en-US&x=45385&y=105014&z=18&s=G
http://mt1.google.com/vt/v=ap.115&hl=en-US&x=45389&y=105014&z=18&s=Galil
http://mt2.google.com/vt/v=ap.115&hl=en-US&x=45390&y=105016&z=18&s=Ga
http://mt0.google.com/vt/v=ap.115&hl=en-US&x=45390&y=105017&z=18&s=Gal
http://mt0.google.com/vt/v=ap.115&hl=en-US&x=45390&y=105015&z=18&s=G
http://mt2.google.com/vt/v=ap.115&hl=en-US&x=45390&y=105014&z=18&s=
http://mt0.google.com/vt/v=ap.115&hl=en-US&x=45384&y=105014&z=18&s=Galile
http://mt2.google.com/vt/v=ap.115&hl=en-US&x=45390&y=105018&z=18&s=Gali
http://mt1.google.com/vt/v=ap.115&hl=en-US&x=45391&y=105015&z=18&s=Gali
http://mt3.google.com/vt/v=ap.115&hl=en-US&x=45391&y=105016&z=18&s=Galil
http://mt3.google.com/vt/v=ap.115&hl=en-US&x=45391&y=105014&z=18&s=Gal
http://mt2.google.com/vt/v=ap.115&hl=en-US&x=45388&y=105013&z=18&s=G
http://mt1.google.com/vt/v=ap.115&hl=en-US&x=45387&y=105013&z=18&s=Galile
http://mt3.google.com/vt/v=ap.115&hl=en-US&x=45389&y=105013&z=18&s=Gali
http://mt0.google.com/vt/v=ap.115&hl=en-US&x=45386&y=105013&z=18&s=Gal
http://mt0.google.com/vt/v=ap.115&hl=en-US&x=45390&y=105013&z=18&s=Galileo
http://mt3.google.com/vt/v=ap.115&hl=en-US&x=45385&y=105013&z=18&s=
http://mt1.google.com/vt/v=ap.115&hl=en-US&x=45391&y=105013&z=18&s=Ga
http://mt0.google.com/vt/v=ap.115&hl=en-US&x=45388&y=105012&z=18&s=
http://mt3.google.com/vt/v=ap.115&hl=en-US&x=45387&y=105012&z=18&s=Galil
http://mt1.google.com/vt/v=ap.115&hl=en-US&x=45389&y=105012&z=18&s=Gal
http://mt2.google.com/vt/v=ap.115&hl=en-US&x=45386&y=105012&z=18&s=Ga
http://mt2.google.com/vt/v=ap.115&hl=en-US&x=45390&y=105012&z=18&s=Galile
http://mt3.google.com/vt/v=ap.115&hl=en-US&x=45391&y=105012&z=18&s=G
http://mt1.google.com/vt/v=ap.115&hl=en-US&x=45385&y=105012&z=18&s=Galileo
http://mt2.google.com/vt/v=ap.115&hl=en-US&x=45388&y=105011&z=18&s=Galileo
http://mt3.google.com/vt/v=ap.115&hl=en-US&x=45389&y=105011&z=18&s=Ga
http://mt1.google.com/vt/v=ap.115&hl=en-US&x=45387&y=105011&z=18&s=Gali
http://mt0.google.com/vt/v=ap.115&hl=en-US&x=45390&y=105011&z=18&s=Galil
http://mt0.google.com/vt/v=ap.115&hl=en-US&x=45386&y=105011&z=18&s=G
http://mt1.google.com/vt/v=ap.115&hl=en-US&x=45391&y=105011&z=18&s=
http://mt2.google.com/vt/v=ap.115&hl=en-US&x=45392&y=105013&z=18&s=Galil
http://mt0.google.com/vt/v=ap.115&hl=en-US&x=45392&y=105014&z=18&s=Galile
http://mt0.google.com/vt/v=ap.115&hl=en-US&x=45392&y=105012&z=18&s=Gali
http://mt2.google.com/vt/v=ap.115&hl=en-US&x=45392&y=105011&z=18&s=Gal
http://mt1.google.com/vt/v=ap.115&hl=en-US&x=45389&y=105010&z=18&s=G
http://mt2.google.com/vt/v=ap.115&hl=en-US&x=45390&y=105010&z=18&s=Gali
http://mt0.google.com/vt/v=ap.115&hl=en-US&x=45388&y=105010&z=18&s=Galile
http://mt3.google.com/vt/v=ap.115&hl=en-US&x=45391&y=105010&z=18&s=Galileo
http://mt3.google.com/vt/v=ap.115&hl=en-US&x=45387&y=105010&z=18&s=Gal
http://mt0.google.com/vt/v=ap.115&hl=en-US&x=45392&y=105010&z=18&s=Ga
http://mt2.google.com/vt/v=ap.115&hl=en-US&x=45386&y=105010&z=18&s=
http://mt1.google.com/vt/v=ap.115&hl=en-US&x=45393&y=105012&z=18&s=Galileo
http://mt3.google.com/vt/v=ap.115&hl=en-US&x=45393&y=105011&z=18&s=Galile
http://mt1.google.com/vt/v=ap.115&hl=en-US&x=45393&y=105010&z=18&s=Galil
http://mt0.google.com/vt/v=ap.115&hl=en-US&x=45390&y=105009&z=18&s=Gal
http://mt1.google.com/vt/v=ap.115&hl=en-US&x=45391&y=105009&z=18&s=Galile
http://mt3.google.com/vt/v=ap.115&hl=en-US&x=45389&y=105009&z=18&s=
http://mt2.google.com/vt/v=ap.115&hl=en-US&x=45388&y=105009&z=18&s=Galil
http://mt2.google.com/vt/v=ap.115&hl=en-US&x=45392&y=105009&z=18&s=G
http://mt3.google.com/vt/v=ap.115&hl=en-US&x=45393&y=105009&z=18&s=Gali
http://mt0.google.com/vt/v=ap.115&hl=en-US&x=45394&y=105011&z=18&s=G
http://mt2.google.com/vt/v=ap.115&hl=en-US&x=45394&y=105010&z=18&s=
http://mt2.google.com/vt/v=ap.115&hl=en-US&x=45394&y=105012&z=18&s=Ga
http://mt0.google.com/vt/v=ap.115&hl=en-US&x=45394&y=105009&z=18&s=Galileo
http://mt2.google.com/vt/v=ap.115&hl=en-US&x=90784&y=210023&z=19&s=Galileo
http://mt0.google.com/vt/v=ap.115&hl=en-US&x=90784&y=210022&z=19&s=Galile
http://mt1.google.com/vt/v=ap.115&hl=en-US&x=90783&y=210023&z=19&s=Gali
http://mt0.google.com/vt/v=ap.115&hl=en-US&x=90784&y=210024&z=19&s=
http://mt3.google.com/vt/v=ap.115&hl=en-US&x=90785&y=210023&z=19&s=Ga
http://mt1.google.com/vt/v=ap.115&hl=en-US&x=90785&y=210024&z=19&s=Gal
http://mt3.google.com/vt/v=ap.115&hl=en-US&x=90783&y=210024&z=19&s=Galil
http://mt3.google.com/vt/v=ap.115&hl=en-US&x=90783&y=210022&z=19&s=Gal
http://mt1.google.com/vt/v=ap.115&hl=en-US&x=90785&y=210022&z=19&s=G
http://mt2.google.com/vt/v=ap.115&hl=en-US&x=90784&y=210025&z=19&s=G
http://mt0.google.com/vt/v=ap.115&hl=en-US&x=90786&y=210023&z=19&s=Galil
http://mt0.google.com/vt/v=ap.115&hl=en-US&x=90782&y=210023&z=19&s=G
http://mt2.google.com/vt/v=ap.115&hl=en-US&x=90784&y=210021&z=19&s=Galil
http://mt1.google.com/vt/v=ap.115&hl=en-US&x=90783&y=210021&z=19&s=Ga
http://mt2.google.com/vt/v=ap.115&hl=en-US&x=90782&y=210022&z=19&s=
http://mt3.google.com/vt/v=ap.115&hl=en-US&x=90785&y=210025&z=19&s=Gali
http://mt2.google.com/vt/v=ap.115&hl=en-US&x=90786&y=210024&z=19&s=Galile
http://mt2.google.com/vt/v=ap.115&hl=en-US&x=90786&y=210022&z=19&s=Gali
http://mt3.google.com/vt/v=ap.115&hl=en-US&x=90785&y=210021&z=19&s=
http://mt2.google.com/vt/v=ap.115&hl=en-US&x=90782&y=210024&z=19&s=Ga
http://mt1.google.com/vt/v=ap.115&hl=en-US&x=90783&y=210025&z=19&s=Galile
http://mt0.google.com/vt/v=ap.115&hl=en-US&x=90786&y=210021&z=19&s=Gal
http://mt0.google.com/vt/v=ap.115&hl=en-US&x=90782&y=210021&z=19&s=Galileo
http://mt0.google.com/vt/v=ap.115&hl=en-US&x=90786&y=210025&z=19&s=Galileo
http://mt0.google.com/vt/v=ap.115&hl=en-US&x=90782&y=210025&z=19&s=Gal
http://mt1.google.com/vt/v=ap.115&hl=en-US&x=90787&y=210023&z=19&s=
http://mt3.google.com/vt/v=ap.115&hl=en-US&x=90781&y=210023&z=19&s=Galile
http://mt1.google.com/vt/v=ap.115&hl=en-US&x=90781&y=210024&z=19&s=Galileo
http://mt3.google.com/vt/v=ap.115&hl=en-US&x=90787&y=210024&z=19&s=G
http://mt1.google.com/vt/v=ap.115&hl=en-US&x=90781&y=210022&z=19&s=Galil
http://mt3.google.com/vt/v=ap.115&hl=en-US&x=90787&y=210022&z=19&s=Galileo
http://mt1.google.com/vt/v=ap.115&hl=en-US&x=90787&y=210021&z=19&s=Galile
http://mt3.google.com/vt/v=ap.115&hl=en-US&x=90781&y=210025&z=19&s=
http://mt1.google.com/vt/v=ap.115&hl=en-US&x=90787&y=210025&z=19&s=Ga
http://mt3.google.com/vt/v=ap.115&hl=en-US&x=90781&y=210021&z=19&s=Gali
http://mt1.google.com/vt/v=ap.115&hl=en-US&x=90785&y=210020&z=19&s=Galileo
http://mt2.google.com/vt/v=ap.115&hl=en-US&x=90786&y=210020&z=19&s=Ga
http://mt0.google.com/vt/v=ap.115&hl=en-US&x=90784&y=210020&z=19&s=Gali
http://mt3.google.com/vt/v=ap.115&hl=en-US&x=90783&y=210020&z=19&s=G
http://mt3.google.com/vt/v=ap.115&hl=en-US&x=90787&y=210020&z=19&s=Galil
http://mt0.google.com/vt/v=ap.115&hl=en-US&x=90788&y=210022&z=19&s=Ga
http://mt2.google.com/vt/v=ap.115&hl=en-US&x=90788&y=210021&z=19&s=G
http://mt2.google.com/vt/v=ap.115&hl=en-US&x=90788&y=210023&z=19&s=Gal
http://mt0.google.com/vt/v=ap.115&hl=en-US&x=90788&y=210020&z=19&s=
http://mt2.google.com/vt/v=ap.115&hl=en-US&x=90782&y=210020&z=19&s=Galile
http://mt3.google.com/vt/v=ap.115&hl=en-US&x=90785&y=210019&z=19&s=Galile
http://mt0.google.com/vt/v=ap.115&hl=en-US&x=90786&y=210019&z=19&s=G
http://mt2.google.com/vt/v=ap.115&hl=en-US&x=90784&y=210019&z=19&s=Gal
http://mt1.google.com/vt/v=ap.115&hl=en-US&x=90783&y=210019&z=19&s=
http://mt1.google.com/vt/v=ap.115&hl=en-US&x=90787&y=210019&z=19&s=Gali
http://mt0.google.com/vt/v=ap.115&hl=en-US&x=90782&y=210019&z=19&s=Galil
http://mt2.google.com/vt/v=ap.115&hl=en-US&x=90788&y=210019&z=19&s=Galileo
http://mt1.google.com/vt/v=ap.115&hl=en-US&x=90785&y=210018&z=19&s=Galil
http://mt2.google.com/vt/v=ap.115&hl=en-US&x=90786&y=210018&z=19&s=
http://mt0.google.com/vt/v=ap.115&hl=en-US&x=90784&y=210018&z=19&s=Ga
http://mt3.google.com/vt/v=ap.115&hl=en-US&x=90787&y=210018&z=19&s=Gal
http://mt3.google.com/vt/v=ap.115&hl=en-US&x=90783&y=210018&z=19&s=Galileo
http://mt2.google.com/vt/v=ap.115&hl=en-US&x=90782&y=210018&z=19&s=Gali
http://mt0.google.com/vt/v=ap.115&hl=en-US&x=90788&y=210018&z=19&s=Galile
http://mt3.google.com/vt/v=ap.115&hl=en-US&x=90785&y=210017&z=19&s=Gali
http://mt2.google.com/vt/v=ap.115&hl=en-US&x=90784&y=210017&z=19&s=G
http://mt0.google.com/vt/v=ap.115&hl=en-US&x=90786&y=210017&z=19&s=Galileo
http://mt1.google.com/vt/v=ap.115&hl=en-US&x=90783&y=210017&z=19&s=Galile
http://mt1.google.com/vt/v=ap.115&hl=en-US&x=90787&y=210017&z=19&s=Ga
http://mt2.google.com/vt/v=ap.115&hl=en-US&x=90788&y=210017&z=19&s=Galil
http://mt0.google.com/vt/v=ap.115&hl=en-US&x=90782&y=210017&z=19&s=Gal
http://mt1.google.com/vt/v=ap.115&hl=en-US&x=90789&y=210018&z=19&s=G
http://mt3.google.com/vt/v=ap.115&hl=en-US&x=90789&y=210019&z=19&s=Ga
http://mt1.google.com/vt/v=ap.115&hl=en-US&x=90789&y=210020&z=19&s=Gal
http://mt3.google.com/vt/v=ap.115&hl=en-US&x=90789&y=210017&z=19&s=
http://mt2.google.com/vt/v=ap.115&hl=en-US&x=90786&y=210016&z=19&s=Galile
http://mt3.google.com/vt/v=ap.115&hl=en-US&x=90787&y=210016&z=19&s=G
http://mt1.google.com/vt/v=ap.115&hl=en-US&x=90785&y=210016&z=19&s=Gal
http://mt0.google.com/vt/v=ap.115&hl=en-US&x=90788&y=210016&z=19&s=Gali
http://mt0.google.com/vt/v=ap.115&hl=en-US&x=90784&y=210016&z=19&s=
http://mt1.google.com/vt/v=ap.115&hl=en-US&x=90789&y=210016&z=19&s=Galileo
http://mt3.google.com/vt/v=ap.115&hl=en-US&x=90783&y=210016&z=19&s=Galil
http://mt0.google.com/vt/v=ap.115&hl=en-US&x=45392&y=105008&z=18&s=
http://mt1.google.com/vt/v=ap.115&hl=en-US&x=45393&y=105008&z=18&s=Gal
http://mt3.google.com/vt/v=ap.115&hl=en-US&x=45391&y=105008&z=18&s=Galil
http://mt2.google.com/vt/v=ap.115&hl=en-US&x=45392&y=105007&z=18&s=Galileo
http://mt1.google.com/vt/v=ap.115&hl=en-US&x=45391&y=105007&z=18&s=Gali
http://mt3.google.com/vt/v=ap.115&hl=en-US&x=45393&y=105007&z=18&s=Ga
http://mt2.google.com/vt/v=ap.115&hl=en-US&x=45390&y=105008&z=18&s=Ga
http://mt2.google.com/vt/v=ap.115&hl=en-US&x=45394&y=105008&z=18&s=Galile
http://mt0.google.com/vt/v=ap.115&hl=en-US&x=45390&y=105007&z=18&s=G
http://mt0.google.com/vt/v=ap.115&hl=en-US&x=45394&y=105007&z=18&s=Galil
http://mt1.google.com/vt/v=ap.115&hl=en-US&x=45395&y=105009&z=18&s=Ga
http://mt1.google.com/vt/v=ap.115&hl=en-US&x=45389&y=105008&z=18&s=Galileo
http://mt3.google.com/vt/v=ap.115&hl=en-US&x=45395&y=105008&z=18&s=G
http://mt3.google.com/vt/v=ap.115&hl=en-US&x=45395&y=105010&z=18&s=Gal
http://mt1.google.com/vt/v=ap.115&hl=en-US&x=45395&y=105007&z=18&s=
http://mt3.google.com/vt/v=ap.115&hl=en-US&x=45389&y=105007&z=18&s=Galile
http://mt3.google.com/vt/v=ap.115&hl=en-US&x=22695&s=&y=52504&z=17&s=Galil
http://mt1.google.com/vt/v=ap.115&hl=en-US&x=22695&s=&y=52503&z=17&s=Gali
http://mt1.google.com/vt/v=ap.115&hl=en-US&x=22695&s=&y=52505&z=17&s=Galile
http://mt0.google.com/vt/v=ap.115&hl=en-US&x=22696&s=&y=52504&z=17&s=
http://mt2.google.com/vt/v=ap.115&hl=en-US&x=22694&s=&y=52504&z=17&s=Ga
http://mt0.google.com/vt/v=ap.115&hl=en-US&x=22694&s=&y=52505&z=17&s=Gal
http://mt2.google.com/vt/v=ap.115&hl=en-US&x=22696&s=&y=52505&z=17&s=G
http://mt2.google.com/vt/v=ap.115&hl=en-US&x=22696&s=&y=52503&z=17&s=Galileo
http://mt0.google.com/vt/v=ap.115&hl=en-US&x=22694&s=&y=52503&z=17&s=G
http://mt1.google.com/vt/v=ap.115&hl=en-US&x=22693&s=&y=52504&z=17&s=Galileo
http://mt3.google.com/vt/v=ap.115&hl=en-US&x=22695&s=&y=52506&z=17&s=Galileo
http://mt3.google.com/vt/v=ap.115&hl=en-US&x=22695&s=&y=52502&z=17&s=Gal
http://mt1.google.com/vt/v=ap.115&hl=en-US&x=22697&s=&y=52504&z=17&s=Gal
http://mt2.google.com/vt/v=ap.115&hl=en-US&x=22694&s=&y=52502&z=17&s=
http://mt3.google.com/vt/v=ap.115&hl=en-US&x=22697&s=&y=52505&z=17&s=Gali
http://mt3.google.com/vt/v=ap.115&hl=en-US&x=22693&s=&y=52503&z=17&s=Galile
http://mt3.google.com/vt/v=ap.115&hl=en-US&x=22693&s=&y=52505&z=17&s=
http://mt0.google.com/vt/v=ap.115&hl=en-US&x=22696&s=&y=52502&z=17&s=Galile
http://mt3.google.com/vt/v=ap.115&hl=en-US&x=22697&s=&y=52503&z=17&s=Ga
http://mt2.google.com/vt/v=ap.115&hl=en-US&x=22694&s=&y=52506&z=17&s=Gali
http://mt0.google.com/vt/v=ap.115&hl=en-US&x=22696&s=&y=52506&z=17&s=Ga
http://mt1.google.com/vt/v=ap.115&hl=en-US&x=22693&s=&y=52506&z=17&s=G
http://mt1.google.com/vt/v=ap.115&hl=en-US&x=22693&s=&y=52502&z=17&s=Galil
http://mt1.google.com/vt/v=ap.115&hl=en-US&x=22697&s=&y=52506&z=17&s=Galil
http://mt1.google.com/vt/v=ap.115&hl=en-US&x=22697&s=&y=52502&z=17&s=G
http://mt2.google.com/vt/v=ap.115&hl=en-US&x=22698&s=&y=52504&z=17&s=Galile
http://mt0.google.com/vt/v=ap.115&hl=en-US&x=22692&s=&y=52504&z=17&s=Gali
http://mt0.google.com/vt/v=ap.115&hl=en-US&x=22698&s=&y=52505&z=17&s=Galileo
http://mt2.google.com/vt/v=ap.115&hl=en-US&x=22692&s=&y=52505&z=17&s=Galil
http://mt2.google.com/vt/v=ap.115&hl=en-US&x=22692&s=&y=52503&z=17&s=Gal
http://mt0.google.com/vt/v=ap.115&hl=en-US&x=22698&s=&y=52503&z=17&s=Galil
http://mt2.google.com/vt/v=ap.115&hl=en-US&x=22698&s=&y=52506&z=17&s=
http://mt0.google.com/vt/v=ap.115&hl=en-US&x=22692&s=&y=52506&z=17&s=Galile
http://mt2.google.com/vt/v=ap.115&hl=en-US&x=22698&s=&y=52502&z=17&s=Gali
http://mt0.google.com/vt/v=ap.115&hl=en-US&x=22692&s=&y=52502&z=17&s=Ga
http://mt2.google.com/vt/v=ap.115&hl=en-US&x=22696&s=&y=52501&z=17&s=Galil
http://mt1.google.com/vt/v=ap.115&hl=en-US&x=22695&s=&y=52501&z=17&s=Ga
http://mt0.google.com/vt/v=ap.115&hl=en-US&x=22694&s=&y=52501&z=17&s=Galileo
http://mt3.google.com/vt/v=ap.115&hl=en-US&x=22697&s=&y=52501&z=17&s=
http://mt3.google.com/vt/v=ap.115&hl=en-US&x=22693&s=&y=52501&z=17&s=Gali
http://mt0.google.com/vt/v=ap.115&hl=en-US&x=22698&s=&y=52501&z=17&s=Gal
http://mt1.google.com/vt/v=ap.115&hl=en-US&x=22699&s=&y=52503&z=17&s=
http://mt3.google.com/vt/v=ap.115&hl=en-US&x=22699&s=&y=52502&z=17&s=Galileo
http://mt3.google.com/vt/v=ap.115&hl=en-US&x=22699&s=&y=52504&z=17&s=G
http://mt1.google.com/vt/v=ap.115&hl=en-US&x=22699&s=&y=52501&z=17&s=Galile
http://mt2.google.com/vt/v=ap.115&hl=en-US&x=45394&y=105006&z=18&s=Gali
http://mt0.google.com/vt/v=ap.115&hl=en-US&x=45394&y=105005&z=18&s=Gal
http://mt1.google.com/vt/v=ap.115&hl=en-US&x=45393&y=105006&z=18&s=G
http://mt3.google.com/vt/v=ap.115&hl=en-US&x=45395&y=105006&z=18&s=Galileo
http://mt1.google.com/vt/v=ap.115&hl=en-US&x=45395&y=105005&z=18&s=Galile
http://mt3.google.com/vt/v=ap.115&hl=en-US&x=45393&y=105005&z=18&s=
http://mt2.google.com/vt/v=ap.115&hl=en-US&x=45394&y=105004&z=18&s=Ga
http://mt3.google.com/vt/v=ap.115&hl=en-US&x=45395&y=105004&z=18&s=Galil
http://mt1.google.com/vt/v=ap.115&hl=en-US&x=45393&y=105004&z=18&s=Galileo
http://mt0.google.com/vt/v=ap.115&hl=en-US&x=45392&y=105006&z=18&s=Galile
http://mt2.google.com/vt/v=ap.115&hl=en-US&x=45396&y=105005&z=18&s=G
http://mt0.google.com/vt/v=ap.115&hl=en-US&x=45396&y=105006&z=18&s=Ga
http://mt2.google.com/vt/v=ap.115&hl=en-US&x=45392&y=105005&z=18&s=Galil
http://mt0.google.com/vt/v=ap.115&hl=en-US&x=45396&y=105004&z=18&s=
http://mt2.google.com/vt/v=ap.115&hl=en-US&x=45396&y=105007&z=18&s=Gal
http://mt0.google.com/vt/v=ap.115&hl=en-US&x=45392&y=105004&z=18&s=Gali
http://mt1.google.com/vt/v=ap.115&hl=en-US&x=45391&y=105005&z=18&s=Ga
http://mt1.google.com/vt/v=ap.115&hl=en-US&x=45397&y=105006&z=18&s=Galil
http://mt3.google.com/vt/v=ap.115&hl=en-US&x=45391&y=105006&z=18&s=Gal
http://mt3.google.com/vt/v=ap.115&hl=en-US&x=45397&y=105005&z=18&s=Gali
http://mt3.google.com/vt/v=ap.115&hl=en-US&x=45391&y=105004&z=18&s=G
http://mt3.google.com/vt/v=ap.115&hl=en-US&x=45397&y=105007&z=18&s=Galile
http://mt1.google.com/vt/v=ap.115&hl=en-US&x=45397&y=105004&z=18&s=Gal
http://mt0.google.com/vt/v=ap.115&hl=en-US&x=45394&y=105003&z=18&s=G
http://mt3.google.com/vt/v=ap.115&hl=en-US&x=45393&y=105003&z=18&s=Galile
http://mt1.google.com/vt/v=ap.115&hl=en-US&x=45395&y=105003&z=18&s=Gali
http://mt2.google.com/vt/v=ap.115&hl=en-US&x=45392&y=105003&z=18&s=Gal
http://mt2.google.com/vt/v=ap.115&hl=en-US&x=45396&y=105003&z=18&s=Galileo
http://mt1.google.com/vt/v=ap.115&hl=en-US&x=45391&y=105003&z=18&s=
http://mt3.google.com/vt/v=ap.115&hl=en-US&x=45397&y=105003&z=18&s=Ga
http://mt2.google.com/vt/v=ap.115&hl=en-US&x=45398&y=105004&z=18&s=Galile
http://mt0.google.com/vt/v=ap.115&hl=en-US&x=45398&y=105005&z=18&s=Galileo
http://mt2.google.com/vt/v=ap.115&hl=en-US&x=45398&y=105006&z=18&s=
http://mt0.google.com/vt/v=ap.115&hl=en-US&x=45398&y=105003&z=18&s=Galil
http://mt0.google.com/vt/v=ap.115&hl=en-US&x=22696&s=&y=52500&z=17&s=Gali
http://mt3.google.com/vt/v=ap.115&hl=en-US&x=22695&s=&y=52500&z=17&s=G
http://mt1.google.com/vt/v=ap.115&hl=en-US&x=22697&s=&y=52500&z=17&s=Galileo
http://mt2.google.com/vt/v=ap.115&hl=en-US&x=22694&s=&y=52500&z=17&s=Galile
http://mt2.google.com/vt/v=ap.115&hl=en-US&x=22698&s=&y=52500&z=17&s=Ga
http://mt3.google.com/vt/v=ap.115&hl=en-US&x=22699&s=&y=52500&z=17&s=Galil
http://mt1.google.com/vt/v=ap.115&hl=en-US&x=22693&s=&y=52500&z=17&s=Gal
http://mt0.google.com/vt/v=ap.115&hl=en-US&x=22700&s=&y=52502&z=17&s=Ga
http://mt2.google.com/vt/v=ap.115&hl=en-US&x=22700&s=&y=52501&z=17&s=G
http://mt0.google.com/vt/v=ap.115&hl=en-US&x=22700&s=&y=52500&z=17&s=
http://mt2.google.com/vt/v=ap.115&hl=en-US&x=22700&s=&y=52503&z=17&s=Gal
http://mt3.google.com/vt/v=ap.115&hl=en-US&x=22697&s=&y=52499&z=17&s=Galile
http://mt2.google.com/vt/v=ap.115&hl=en-US&x=22696&s=&y=52499&z=17&s=Gal
http://mt0.google.com/vt/v=ap.115&hl=en-US&x=22698&s=&y=52499&z=17&s=G
http://mt1.google.com/vt/v=ap.115&hl=en-US&x=22699&s=&y=52499&z=17&s=Gali
http://mt1.google.com/vt/v=ap.115&hl=en-US&x=22695&s=&y=52499&z=17&s=
http://mt2.google.com/vt/v=ap.115&hl=en-US&x=22700&s=&y=52499&z=17&s=Galileo
http://mt0.google.com/vt/v=ap.115&hl=en-US&x=22694&s=&y=52499&z=17&s=Galil
http://mt3.google.com/vt/v=ap.115&hl=en-US&x=22701&s=&y=52501&z=17&s=Gali
http://mt1.google.com/vt/v=ap.115&hl=en-US&x=22701&s=&y=52502&z=17&s=Galil
http://mt1.google.com/vt/v=ap.115&hl=en-US&x=22701&s=&y=52500&z=17&s=Gal
http://mt3.google.com/vt/v=ap.115&hl=en-US&x=22701&s=&y=52499&z=17&s=Ga
http://mt3.google.com/vt/v=ap.115&hl=en-US&x=22701&s=&y=52503&z=17&s=Galile
http://mt1.google.com/vt/v=ap.115&hl=en-US&x=45397&y=105002&z=18&s=G
http://mt2.google.com/vt/v=ap.115&hl=en-US&x=45398&y=105002&z=18&s=Gali
http://mt0.google.com/vt/v=ap.115&hl=en-US&x=45396&y=105002&z=18&s=Galile
http://mt3.google.com/vt/v=ap.115&hl=en-US&x=45397&y=105001&z=18&s=
http://mt0.google.com/vt/v=ap.115&hl=en-US&x=45398&y=105001&z=18&s=Gal
http://mt2.google.com/vt/v=ap.115&hl=en-US&x=45396&y=105001&z=18&s=Galil
http://mt3.google.com/vt/v=ap.115&hl=en-US&x=45399&y=105002&z=18&s=Galileo
http://mt1.google.com/vt/v=ap.115&hl=en-US&x=45399&y=105003&z=18&s=
http://mt3.google.com/vt/v=ap.115&hl=en-US&x=45395&y=105002&z=18&s=Gal
http://mt1.google.com/vt/v=ap.115&hl=en-US&x=45399&y=105001&z=18&s=Galile
http://mt3.google.com/vt/v=ap.115&hl=en-US&x=45399&y=105004&z=18&s=G
http://mt1.google.com/vt/v=ap.115&hl=en-US&x=45395&y=105001&z=18&s=Ga
http://mt2.google.com/vt/v=ap.115&hl=en-US&x=45400&y=105003&z=18&s=Gal
http://mt2.google.com/vt/v=ap.115&hl=en-US&x=45394&y=105002&z=18&s=
http://mt0.google.com/vt/v=ap.115&hl=en-US&x=45400&y=105002&z=18&s=Ga
http://mt0.google.com/vt/v=ap.115&hl=en-US&x=45394&y=105001&z=18&s=Galileo
http://mt0.google.com/vt/v=ap.115&hl=en-US&x=45400&y=105004&z=18&s=Gali
http://mt2.google.com/vt/v=ap.115&hl=en-US&x=45400&y=105001&z=18&s=G
http://mt1.google.com/vt/v=ap.115&hl=en-US&x=45399&y=105005&z=18&s=Ga
http://mt2.google.com/vt/v=ap.115&hl=en-US&x=45400&y=105005&z=18&s=Galil
http://mt1.google.com/vt/v=ap.115&hl=en-US&x=45393&y=105002&z=18&s=Galil
http://mt3.google.com/vt/v=ap.115&hl=en-US&x=45393&y=105001&z=18&s=Gali
http://mt0.google.com/vt/v=ap.115&hl=en-US&x=45392&y=105002&z=18&s=Ga
http://mt3.google.com/vt/v=ap.115&hl=en-US&x=45391&y=105002&z=18&s=Galileo
http://mt0.google.com/vt/v=ap.115&hl=en-US&x=22700&s=&y=52504&z=17&s=Gali
http://mt1.google.com/vt/v=ap.115&hl=en-US&x=22701&s=&y=52504&z=17&s=Galileo
http://mt2.google.com/vt/v=ap.115&hl=en-US&x=22702&s=&y=52502&z=17&s=
http://mt0.google.com/vt/v=ap.115&hl=en-US&x=22702&s=&y=52501&z=17&s=Galileo
http://mt0.google.com/vt/v=ap.115&hl=en-US&x=22702&s=&y=52503&z=17&s=G
http://mt2.google.com/vt/v=ap.115&hl=en-US&x=22702&s=&y=52504&z=17&s=Ga
http://mt2.google.com/vt/v=ap.115&hl=en-US&x=22702&s=&y=52500&z=17&s=Galile
http://mt3.google.com/vt/v=ap.115&hl=en-US&x=22693&s=&y=52499&z=17&s=Ga
http://mt2.google.com/vt/v=ap.115&hl=en-US&x=22692&s=&y=52501&z=17&s=G
http://mt0.google.com/vt/v=ap.115&hl=en-US&x=22692&s=&y=52500&z=17&s=
http://mt2.google.com/vt/v=ap.115&hl=en-US&x=22692&s=&y=52499&z=17&s=Galileo
http://mt3.google.com/vt/v=ap.115&hl=en-US&x=22695&s=&y=52498&z=17&s=Galileo
http://mt2.google.com/vt/v=ap.115&hl=en-US&x=22694&s=&y=52498&z=17&s=Gali
http://mt0.google.com/vt/v=ap.115&hl=en-US&x=22696&s=&y=52498&z=17&s=Ga
http://mt1.google.com/vt/v=ap.115&hl=en-US&x=22697&s=&y=52498&z=17&s=Galil
http://mt1.google.com/vt/v=ap.115&hl=en-US&x=22693&s=&y=52498&z=17&s=G
http://mt0.google.com/vt/v=ap.115&hl=en-US&x=22692&s=&y=52498&z=17&s=Galile
http://mt2.google.com/vt/v=ap.115&hl=en-US&x=22698&s=&y=52498&z=17&s=
http://mt3.google.com/vt/v=ap.115&hl=en-US&x=22699&s=&y=52498&z=17&s=Gal
http://mt0.google.com/vt/v=ap.115&hl=en-US&x=22700&s=&y=52498&z=17&s=Galile
http://mt3.google.com/vt/v=ap.115&hl=en-US&x=22697&s=&y=52497&z=17&s=Gali
http://mt2.google.com/vt/v=ap.115&hl=en-US&x=22696&s=&y=52497&z=17&s=G
http://mt0.google.com/vt/v=ap.115&hl=en-US&x=22698&s=&y=52497&z=17&s=Galileo
http://mt1.google.com/vt/v=ap.115&hl=en-US&x=22695&s=&y=52497&z=17&s=Galile
http://mt1.google.com/vt/v=ap.115&hl=en-US&x=22699&s=&y=52497&z=17&s=Ga
http://mt2.google.com/vt/v=ap.115&hl=en-US&x=22700&s=&y=52497&z=17&s=Galil
http://mt0.google.com/vt/v=ap.115&hl=en-US&x=22694&s=&y=52497&z=17&s=Gal
http://mt1.google.com/vt/v=ap.115&hl=en-US&x=22701&s=&y=52498&z=17&s=G
http://mt3.google.com/vt/v=ap.115&hl=en-US&x=22701&s=&y=52497&z=17&s=
http://mt2.google.com/vt/v=ap.115&hl=en-US&x=22698&s=&y=52496&z=17&s=Galile
http://mt1.google.com/vt/v=ap.115&hl=en-US&x=22697&s=&y=52496&z=17&s=Gal
http://mt3.google.com/vt/v=ap.115&hl=en-US&x=22699&s=&y=52496&z=17&s=G
http://mt0.google.com/vt/v=ap.115&hl=en-US&x=22696&s=&y=52496&z=17&s=
http://mt0.google.com/vt/v=ap.115&hl=en-US&x=22700&s=&y=52496&z=17&s=Gali
http://mt1.google.com/vt/v=ap.115&hl=en-US&x=22701&s=&y=52496&z=17&s=Galileo
http://mt3.google.com/vt/v=ap.115&hl=en-US&x=22695&s=&y=52496&z=17&s=Galil
http://mt2.google.com/vt/v=ap.115&hl=en-US&x=22702&s=&y=52498&z=17&s=Gali
http://mt0.google.com/vt/v=ap.115&hl=en-US&x=22702&s=&y=52497&z=17&s=Gal
http://mt0.google.com/vt/v=ap.115&hl=en-US&x=22702&s=&y=52499&z=17&s=Galil
http://mt2.google.com/vt/v=ap.115&hl=en-US&x=22702&s=&y=52496&z=17&s=Ga
http://mt3.google.com/vt/v=ap.115&hl=en-US&x=22703&s=&y=52498&z=17&s=Galileo
http://mt1.google.com/vt/v=ap.115&hl=en-US&x=22703&s=&y=52497&z=17&s=Galile
http://mt1.google.com/vt/v=ap.115&hl=en-US&x=22703&s=&y=52499&z=17&s=
http://mt3.google.com/vt/v=ap.115&hl=en-US&x=22703&s=&y=52496&z=17&s=Galil
http://mt3.google.com/vt/v=ap.115&hl=en-US&x=22703&s=&y=52500&z=17&s=G
http://mt3.google.com/vt/v=ap.115&hl=en-US&x=45401&y=105003&z=18&s=Galile
http://mt1.google.com/vt/v=ap.115&hl=en-US&x=45401&y=105002&z=18&s=Galil
http://mt3.google.com/vt/v=ap.115&hl=en-US&x=45401&y=105001&z=18&s=Gali
http://mt1.google.com/vt/v=ap.115&hl=en-US&x=45401&y=105004&z=18&s=Galileo
http://mt0.google.com/vt/v=ap.115&hl=en-US&x=90796&y=210006&z=19&s=Ga
http://mt3.google.com/vt/v=ap.115&hl=en-US&x=90795&y=210006&z=19&s=Galileo
http://mt2.google.com/vt/v=ap.115&hl=en-US&x=90796&y=210007&z=19&s=Gal
http://mt2.google.com/vt/v=ap.115&hl=en-US&x=90796&y=210005&z=19&s=G
http://mt1.google.com/vt/v=ap.115&hl=en-US&x=90797&y=210006&z=19&s=Galil
http://mt3.google.com/vt/v=ap.115&hl=en-US&x=90797&y=210005&z=19&s=Gali
http://mt1.google.com/vt/v=ap.115&hl=en-US&x=90795&y=210007&z=19&s=
http://mt1.google.com/vt/v=ap.115&hl=en-US&x=90795&y=210005&z=19&s=Galile
http://mt3.google.com/vt/v=ap.115&hl=en-US&x=90797&y=210007&z=19&s=Galile
http://mt0.google.com/vt/v=ap.115&hl=en-US&x=90796&y=210008&z=19&s=Gali
http://mt0.google.com/vt/v=ap.115&hl=en-US&x=90796&y=210004&z=19&s=
http://mt2.google.com/vt/v=ap.115&hl=en-US&x=90794&y=210006&z=19&s=Gali
http://mt2.google.com/vt/v=ap.115&hl=en-US&x=90798&y=210006&z=19&s=
http://mt0.google.com/vt/v=ap.115&hl=en-US&x=90798&y=210005&z=19&s=Galileo
http://mt3.google.com/vt/v=ap.115&hl=en-US&x=90795&y=210008&z=19&s=G
http://mt0.google.com/vt/v=ap.115&hl=en-US&x=90794&y=210007&z=19&s=Galil
http://mt0.google.com/vt/v=ap.115&hl=en-US&x=90798&y=210007&z=19&s=G
http://mt3.google.com/vt/v=ap.115&hl=en-US&x=90795&y=210004&z=19&s=Galil
http://mt1.google.com/vt/v=ap.115&hl=en-US&x=90797&y=210008&z=19&s=Galileo
http://mt0.google.com/vt/v=ap.115&hl=en-US&x=90794&y=210005&z=19&s=Gal
http://mt1.google.com/vt/v=ap.115&hl=en-US&x=90797&y=210004&z=19&s=Gal
http://mt2.google.com/vt/v=ap.115&hl=en-US&x=90794&y=210004&z=19&s=Ga
http://mt2.google.com/vt/v=ap.115&hl=en-US&x=90798&y=210008&z=19&s=Ga
http://mt2.google.com/vt/v=ap.115&hl=en-US&x=90798&y=210004&z=19&s=Galile
http://mt2.google.com/vt/v=ap.115&hl=en-US&x=90794&y=210008&z=19&s=Galile
http://mt3.google.com/vt/v=ap.115&hl=en-US&x=90799&y=210006&z=19&s=Gal
http://mt1.google.com/vt/v=ap.115&hl=en-US&x=90793&y=210006&z=19&s=G
http://mt3.google.com/vt/v=ap.115&hl=en-US&x=90793&y=210005&z=19&s=
http://mt1.google.com/vt/v=ap.115&hl=en-US&x=90799&y=210005&z=19&s=Ga
http://mt1.google.com/vt/v=ap.115&hl=en-US&x=90799&y=210007&z=19&s=Gali
http://mt3.google.com/vt/v=ap.115&hl=en-US&x=90793&y=210007&z=19&s=Ga
http://mt3.google.com/vt/v=ap.115&hl=en-US&x=90799&y=210008&z=19&s=Galil
http://mt3.google.com/vt/v=ap.115&hl=en-US&x=90799&y=210004&z=19&s=G
http://mt1.google.com/vt/v=ap.115&hl=en-US&x=90793&y=210008&z=19&s=Gal
http://mt1.google.com/vt/v=ap.115&hl=en-US&x=90793&y=210004&z=19&s=Galileo